<generatedTop>
  <k>
    .
  </k>
  <stack>
    < i32 > 1 : < i32 > 0 : < i32 > 0 : < i32 > 1 : < i32 > 0 : < i32 > 1 : < i32 > 6 : < i32 > 22 : < i32 > 16 : < i32 > 1 : < i32 > 0 : < i32 > 7 : < i32 > 5 : < i32 > 45 : < i32 > 2 : < i32 > 12 : .Stack
  </stack>
</generatedTop>
