<generatedTop>
  <k>
    .
  </k>
  <stack>
    < i32 > 1 : < i32 > 1 : < i32 > 1 : < i32 > 1 : < i32 > 1 : < i32 > 1 : .Stack
  </stack>
</generatedTop>
