<generatedTop>
  <k>
    .
  </k>
  <stack>
    < f64 > 1.631766009999999999999999999999999999999999999999999999999999999999999998E-302p237x19 : < f64 > 1.608592771399999999999999999999999999999999999999999999999999999999999998E-321p237x19 : < f64 > 1.214606440000000000000000000000000000000000000000000000000000000000000000E52p237x19 : < f64 > 3.234522999999999999999999999999999999999999999999999999999999999999999993E0p237x19 : < f32 > 3.244999999999999999999999999999999999999999999999999999999999999999999997E0p237x19 : < i64 > 71 : < i32 > 5 : < i32 > 3 : .Stack
  </stack>
</generatedTop>
