<generatedTop>
  <k>
    .
  </k>
  <stack>
    .Stack
  </stack>
</generatedTop>
