<generatedTop>
  <k>
    .
  </k>
  <stack>
    .Stack
  </stack>
  <curFrame>
    <addrs>
      .Map
    </addrs>
    <locals>
      .Map
    </locals>
    <globals>
      .Map
    </globals>
    <memAddrs>
      0
    </memAddrs>
  </curFrame>
  <store>
    <funcs>
      .FuncDefCellMap
    </funcs>
    <mems>
      .MemInstCellMap
    </mems>
  </store>
</generatedTop>
