<generatedTop>
  <k>
    .
  </k>
  <deterministicMemoryGrowth>
    true
  </deterministicMemoryGrowth>
  <stack>
    .Stack
  </stack>
  <curFrame>
    <addrs>
      .Map
    </addrs>
    <locals>
      .Map
    </locals>
    <moduleInst>
      <globals>
        .Map
      </globals>
      <memAddrs>
        0
      </memAddrs>
    </moduleInst>
  </curFrame>
  <store>
    <funcs>
      .FuncDefCellMap
    </funcs>
    <mems>
      .MemInstCellMap
    </mems>
  </store>
</generatedTop>
