<generatedTop>
  <k>
    .
  </k>
  <stack>
    .Stack
  </stack>
  <curFrame>
    <addrs>
      .Map
    </addrs>
    <locals>
      .Map
    </locals>
    <globals>
      .Map
    </globals>
  </curFrame>
  <store>
    <funcs>
      .FuncDefCellMap
    </funcs>
  </store>
</generatedTop>
